ESP-ROM:esp32c3-api1-20210207
Build:Feb  7 2021
rst:0x15 (USB_UART_CHIP_RESET),boot:0x9 (SPI_FAST_FLASH_BOOT)
entry 0x403cbf10
[266] [INF] [HW] Using cached device type: X3
[497] [ERR] [SELFTEST] ========== SELFTEST begin target=100.93.9.14 ==========
[498] [ERR] [SELFTEST] SELFTEST config fb=48000 ballast=36000 cycles=2 mode=feed src=json
[558] [ERR] [SELFTEST] SELFTEST wifi: 1 saved credentials
[558] [ERR] [SELFTEST] SELFTEST wifi: trying Work inc Secondary
[3878] [ERR] [SELFTEST] SELFTEST wifi: connected Work inc Secondary ip=10.100.56.10
[3879] [ERR] [SELFTEST] SELFTEST framebuffer model=48000 (ok) free_now=101004
[3879] [ERR] [SELFTEST] SELFTEST ballast reserve=65004 got=65004 free_now=31852 (ok)
[3880] [ERR] [SELFTEST] SELFTEST cycle=1/2 begin free=31852 largest=24564
[3885] [ERR] [SELFTEST] SELFTEST opds url=https://calibre.lab.wayvz.io/opds free=31800
[3888] [ERR] [SELFTEST] SELFTEST spool open=ok free=31704
[3888] [ERR] [SELFTEST] SELFTEST fb released free=80860 largest=49140
[44879] [INF] [TSN] Warm start from cached netmap age_s=0 self=100.120.150.72 region=5
[44900] [INF] [TSN] Starting tailnet session (free heap 73584)
E (46370) ml_derp: DERP TLS heap before handshake: free=35316 largest=32756 relay=derp5e.tailscale.com region=5
E (47909) ml_coord: [TIMING] control dns=0 tcp=0 noise=0 h2=0 reg=0 map=0 derp_tls=429 derp_proto=1133 wait=1776 warm=1 total=1947 ms
[46967] [INF] [TSN] Tailnet up after 2065 ms (free heap 38296) warm
[WG_RX] Handshake INITIATION from peer, sender_idx=1637455068
E (55400) microlink: Peer handshake answered at the 8000 ms deadline; waiting up to 3000 ms for confirmation
[58242] [ERR] [TSN] Warm start failed (no handshake response)
[58243] [INF] [TSN] Tearing down tailnet session
E (60100) microlink: STACK_HWM min-free/size bytes: coord=3652/6144 derp_tx=1920/4096 net_io=1860/4096 wg_mgr=1692/4096
[59433] [ERR] [TSN] TS-E13: Warm start failed and the heap is too fragmented for a cold start (free=76544, maxAlloc=28660)
[59454] [ERR] [SELFTEST] SELFTEST RESULT=RESTART stage=ensureUp code=TS-E13 msg=Tailscale needs a restart to free memory for a full reconnect
[59460] [ERR] [SELFTEST] SELFTEST post-teardown free=76544 largest=28660
[59461] [ERR] [SELFTEST] SELFTEST fb reclaim=FAIL (48000 bytes) free=76544 largest=28660
[59462] [ERR] [SELFTEST] SELFTEST restart required; skipping 1 remaining cycles
[59463] [ERR] [SELFTEST] SELFTEST BOOT_SUMMARY cycles=2 pass=0 fail=0 first_fail=0 deferred_stop=0 restart=1
[59464] [ERR] [SELFTEST] SELFTEST done; rebooting in 10s
ESP-ROM:esp32c3-api1-20210207
Build:Feb  7 2021
rst:0xc (RTC_SW_CPU_RST),boot:0x9 (SPI_FAST_FLASH_BOOT)
entry 0x403cbf10
[272] [INF] [HW] Using cached device type: X3
[497] [ERR] [SELFTEST] ========== SELFTEST begin target=100.93.9.14 ==========
[498] [ERR] [SELFTEST] SELFTEST config fb=48000 ballast=36000 cycles=2 mode=feed src=json
[563] [ERR] [SELFTEST] SELFTEST wifi: 1 saved credentials
[563] [ERR] [SELFTEST] SELFTEST wifi: trying Work inc Secondary
[2888] [ERR] [SELFTEST] SELFTEST wifi: connected Work inc Secondary ip=10.100.56.10
[2889] [ERR] [SELFTEST] SELFTEST framebuffer model=48000 (ok) free_now=100732
[2889] [ERR] [SELFTEST] SELFTEST ballast reserve=64732 got=64732 free_now=31836 (ok)
[2890] [ERR] [SELFTEST] SELFTEST cycle=1/2 begin free=31836 largest=24564
[2895] [ERR] [SELFTEST] SELFTEST opds url=https://calibre.lab.wayvz.io/opds free=31800
[2898] [ERR] [SELFTEST] SELFTEST spool open=ok free=31704
[2903] [ERR] [SELFTEST] SELFTEST fb released free=80892 largest=49140
[2905] [INF] [TSN] Cold start (no cache)
[2999] [INF] [TSN] Starting tailnet session (free heap 56548)
E (5000) ml_derp: DERP TLS heap before handshake: free=26500 largest=23540 relay=derp5e.tailscale.com region=5
[9375] [INF] [TSN] Tailnet up after 6376 ms (free heap 32684)
[9900] [ERR] [SELFTEST] SELFTEST tunnel_url=https://calibre.lab.wayvz.io/opds free=32848 largest=14836
[10508] [INF] [SecureClient] handshake ok (auto): TLSv1.3 / TLS_AES_128_GCM_SHA256 in 608 ms
[10893] [ERR] [SELFTEST] SELFTEST fetch=OK bytes=5253 after=993ms free=28704 largest=13300
[10894] [INF] [TSN] Netmap cached self=100.120.150.72 region=5 peers=2
[10895] [INF] [TSN] Tearing down tailnet session
E (14000) microlink: STACK_HWM min-free/size bytes: coord=3652/6144 derp_tx=1920/4096 net_io=1860/4096 wg_mgr=1692/4096
[11050] [ERR] [SELFTEST] SELFTEST post-teardown free=79404 largest=49140
[11051] [ERR] [SELFTEST] SELFTEST fb reclaim try=0 OK free=31404 largest=24564
[11052] [ERR] [SELFTEST] SELFTEST fb reclaim=OK (48000 bytes) free=31404 largest=24564
[11060] [ERR] [SELFTEST] SELFTEST spool readback=5253 free=31404 largest=24564
[11061] [ERR] [SELFTEST] SELFTEST RESULT=PASS
